  File "_ctypes/callproc.c", line 922, in GetResult
OSError: [WinError -2147467259] Unspecified error
>>> sc.Open(s.encode('utf-8'), None, 0, 0, 0)
0
>>> import ctypes
>>> from ctypes import wintypes
>>> pData = ctypes.POINTER(SimConnect.RECV)()
>>> pData
<scdefs.LP_RECV object at 0x000001BDCF180848>
>>> pData.value
Traceback (most recent call last):
  File "<stdin>", line 1, in <module>
AttributeError: 'LP_RECV' object has no attribute 'value'
>>> dir(pData)
['__bool__', '__class__', '__ctypes_from_outparam__', '__delattr__', '__delitem__', '__dict__', '__dir__', '__doc__', '__eq__', '__format__', '__ge__', '__getattribute__', '__getitem__', '__gt__', '__hash__', '__init__', '__init_subclass__', '__le__', '__lt__', '__module__', '__ne__', '__new__', '__reduce__', '__reduce_ex__', '__repr__', '__setattr__', '__setitem__', '__setstate__', '__sizeof__', '__str__', '__subclasshook__', '__weakref__', '_b_base_', '_b_needsfree_', '_objects', '_type_', 'contents']
>>> pData.contents
Traceback (most recent call last):
  File "<stdin>", line 1, in <module>
ValueError: NULL pointer access
>>> len = DWORD(0)
Traceback (most recent call last):
  File "<stdin>", line 1, in <module>
NameError: name 'DWORD' is not defined
>>> len = wintypes.DWORD(0)
>>> len.value
0
>>> sc.GetNextDispatch(byref(pData), byref(len))
Traceback (most recent call last):
  File "<stdin>", line 1, in <module>
NameError: name 'byref' is not defined
>>> from ctypes import byref
>>> sc.GetNextDispatch(byref(pData), byref(len))
Traceback (most recent call last):
  File "<stdin>", line 1, in <module>
  File "C:\Users\patri\pysimconnect\SimConnect.py", line 15, in _callable
    return f(byref(self.sc), *args)
OSError: exception: access violation writing 0x000001BDCD8C6940
>>> self.sc
Traceback (most recent call last):
  File "<stdin>", line 1, in <module>
NameError: name 'self' is not defined
>>> sc.sc
c_void_p(1914708355360)
>>> sc.Open
<function SimConnect._dispatch.<locals>._callable at 0x000001BDCD903288>
>>> sc._decls['Open']
<_FuncPtr object at 0x000001BDCF199E18>
>>> sc._decls['Open'](sc.sc, byref(pData), byref(len))
Traceback (most recent call last):
  File "<stdin>", line 1, in <module>
TypeError: this function takes 6 arguments (3 given)
>>> sc._decls['GetNextDispatch'](sc.sc, byref(pData), byref(len))
0
>>> len
c_ulong(308)
>>> pData
<scdefs.LP_RECV object at 0x000001BDCF180848>
>>> help(ctypes.cast)
Help on function cast in module ctypes:

cast(obj, typ)

>>> ro = ctypes.cast(pData, POINTER(SimConnect.RECV_OPEN))
Traceback (most recent call last):
  File "<stdin>", line 1, in <module>
NameError: name 'POINTER' is not defined
>>> from ctypes import POINTER
>>> ro = ctypes.cast(pData, POINTER(SimConnect.RECV_OPEN))
>>> ro.contents
<scdefs.RECV_OPEN object at 0x000001BDCF54C3C8>
>>> ro.contents.value
Traceback (most recent call last):
  File "<stdin>", line 1, in <module>
AttributeError: 'RECV_OPEN' object has no attribute 'value'
>>> ro.contents.szApplicationName
b'KittyHawk'
>>> ro.contents.dwSimConnectBuildMajor
62651
>>> ro.contents.dwSimConnectBuildMinor
3
>>> ro.contents.SimConnectVersionMajor
Traceback (most recent call last):
  File "<stdin>", line 1, in <module>
AttributeError: 'RECV_OPEN' object has no attribute 'SimConnectVersionMajor'
>>> ro.contents.dwSimConnectVersionMajor
11
>>> ro.contents.dwSimConnectVersionMinor
0
>>>